22:52:42 **** Incremental Build of configuration Debug for project 001_SampleApp ****
make -j4 all 
arm-none-eabi-gcc "../Src/main.c" -mcpu=cortex-m4 -std=gnu11 -g3 -DDEBUG -DNUCLEO_F401RE -DSTM32 -DSTM32F401RETx -DSTM32F4 -c -I../Inc -O0 -ffunction-sections -fdata-sections -Wall -fstack-usage -fcyclomatic-complexity -MMD -MP -MF"Src/main.d" -MT"Src/main.o" --specs=nano.specs -mfpu=fpv4-sp-d16 -mfloat-abi=hard -mthumb -o "Src/main.o"
arm-none-eabi-gcc -o "001_SampleApp.elf" @"objects.list"   -mcpu=cortex-m4 -T"/home/deep/Desktop/Udemy_Microcontroller_MCU1/MCU1/001_SampleApp/STM32F401RETX_FLASH.ld" --specs=nosys.specs -Wl,-Map="001_SampleApp.map" -Wl,--gc-sections -static --specs=nano.specs -mfpu=fpv4-sp-d16 -mfloat-abi=hard -mthumb -Wl,--start-group -lc -lm -Wl,--end-group
Finished building target: 001_SampleApp.elf
 
arm-none-eabi-size  001_SampleApp.elf 
arm-none-eabi-objdump -h -S 001_SampleApp.elf  > "001_SampleApp.list"
   text	   data	    bss	    dec	    hex	filename
   6248	    164	   1900	   8312	   2078	001_SampleApp.elf
Finished building: default.size.stdout
 
Finished building: 001_SampleApp.list
 

22:52:44 Build Finished. 0 errors, 0 warnings. (took 2s.139ms)

