23:29:05 **** Clean-only build of configuration Debug for project stm32f401re_drivers ****
make -j4 clean 
rm -rf ./drivers/src/stm32f401re_gpio_driver.cyclo ./drivers/src/stm32f401re_gpio_driver.d ./drivers/src/stm32f401re_gpio_driver.o ./drivers/src/stm32f401re_gpio_driver.su
rm -rf ./Startup/startup_stm32f401retx.d ./Startup/startup_stm32f401retx.o
rm -rf ./Src/001_ledtoggle.cyclo ./Src/001_ledtoggle.d ./Src/001_ledtoggle.o ./Src/001_ledtoggle.su ./Src/syscalls.cyclo ./Src/syscalls.d ./Src/syscalls.o ./Src/syscalls.su ./Src/sysmem.cyclo ./Src/sysmem.d ./Src/sysmem.o ./Src/sysmem.su
rm -rf default.size.stdout stm32f401re_drivers.elf stm32f401re_drivers.list stm32f401re_drivers.map
 
23:29:07 **** Incremental Build of configuration Debug for project stm32f401re_drivers ****
make -j4 all 
arm-none-eabi-gcc "../drivers/src/stm32f401re_gpio_driver.c" -mcpu=cortex-m4 -std=gnu11 -g3 -DDEBUG -DNUCLEO_F401RE -DSTM32 -DSTM32F401RETx -DSTM32F4 -c -I../Inc -I"/home/deep/Desktop/Udemy_Microcontroller_MCU1/MCU1/stm32f401re_drivers/drivers/inc" -O0 -ffunction-sections -fdata-sections -Wall -fstack-usage -fcyclomatic-complexity -MMD -MP -MF"drivers/src/stm32f401re_gpio_driver.d" -MT"drivers/src/stm32f401re_gpio_driver.o" --specs=nano.specs -mfpu=fpv4-sp-d16 -mfloat-abi=hard -mthumb -o "drivers/src/stm32f401re_gpio_driver.o"
arm-none-eabi-gcc -mcpu=cortex-m4 -g3 -DDEBUG -c -x assembler-with-cpp -MMD -MP -MF"Startup/startup_stm32f401retx.d" -MT"Startup/startup_stm32f401retx.o" --specs=nano.specs -mfpu=fpv4-sp-d16 -mfloat-abi=hard -mthumb -o "Startup/startup_stm32f401retx.o" "../Startup/startup_stm32f401retx.s"
arm-none-eabi-gcc "../Src/002_ledbutton.c" -mcpu=cortex-m4 -std=gnu11 -g3 -DDEBUG -DNUCLEO_F401RE -DSTM32 -DSTM32F401RETx -DSTM32F4 -c -I../Inc -I"/home/deep/Desktop/Udemy_Microcontroller_MCU1/MCU1/stm32f401re_drivers/drivers/inc" -O0 -ffunction-sections -fdata-sections -Wall -fstack-usage -fcyclomatic-complexity -MMD -MP -MF"Src/002_ledbutton.d" -MT"Src/002_ledbutton.o" --specs=nano.specs -mfpu=fpv4-sp-d16 -mfloat-abi=hard -mthumb -o "Src/002_ledbutton.o"
arm-none-eabi-gcc "../Src/syscalls.c" -mcpu=cortex-m4 -std=gnu11 -g3 -DDEBUG -DNUCLEO_F401RE -DSTM32 -DSTM32F401RETx -DSTM32F4 -c -I../Inc -I"/home/deep/Desktop/Udemy_Microcontroller_MCU1/MCU1/stm32f401re_drivers/drivers/inc" -O0 -ffunction-sections -fdata-sections -Wall -fstack-usage -fcyclomatic-complexity -MMD -MP -MF"Src/syscalls.d" -MT"Src/syscalls.o" --specs=nano.specs -mfpu=fpv4-sp-d16 -mfloat-abi=hard -mthumb -o "Src/syscalls.o"
arm-none-eabi-gcc "../Src/sysmem.c" -mcpu=cortex-m4 -std=gnu11 -g3 -DDEBUG -DNUCLEO_F401RE -DSTM32 -DSTM32F401RETx -DSTM32F4 -c -I../Inc -I"/home/deep/Desktop/Udemy_Microcontroller_MCU1/MCU1/stm32f401re_drivers/drivers/inc" -O0 -ffunction-sections -fdata-sections -Wall -fstack-usage -fcyclomatic-complexity -MMD -MP -MF"Src/sysmem.d" -MT"Src/sysmem.o" --specs=nano.specs -mfpu=fpv4-sp-d16 -mfloat-abi=hard -mthumb -o "Src/sysmem.o"
arm-none-eabi-gcc -o "stm32f401re_drivers.elf" @"objects.list"   -mcpu=cortex-m4 -T"/home/deep/Desktop/Udemy_Microcontroller_MCU1/MCU1/stm32f401re_drivers/STM32F401RETX_FLASH.ld" --specs=nosys.specs -Wl,-Map="stm32f401re_drivers.map" -Wl,--gc-sections -static --specs=nano.specs -mfpu=fpv4-sp-d16 -mfloat-abi=hard -mthumb -Wl,--start-group -lc -lm -Wl,--end-group
Finished building target: stm32f401re_drivers.elf
 
arm-none-eabi-size  stm32f401re_drivers.elf 
arm-none-eabi-objdump -h -S stm32f401re_drivers.elf  > "stm32f401re_drivers.list"
   text	   data	    bss	    dec	    hex	filename
   1636	      0	   1568	   3204	    c84	stm32f401re_drivers.elf
Finished building: default.size.stdout
 
Finished building: stm32f401re_drivers.list
 
23:29:22 **** Incremental Build of configuration Debug for project stm32f401re_drivers ****
make -j4 all 
arm-none-eabi-size  stm32f401re_drivers.elf 
   text	   data	    bss	    dec	    hex	filename
   1636	      0	   1568	   3204	    c84	stm32f401re_drivers.elf
Finished building: default.size.stdout
 
23:30:38 **** Incremental Build of configuration Debug for project stm32f401re_drivers ****
make -j4 all 
arm-none-eabi-gcc "../Src/002_ledbutton.c" -mcpu=cortex-m4 -std=gnu11 -g3 -DDEBUG -DNUCLEO_F401RE -DSTM32 -DSTM32F401RETx -DSTM32F4 -c -I../Inc -I"/home/deep/Desktop/Udemy_Microcontroller_MCU1/MCU1/stm32f401re_drivers/drivers/inc" -O0 -ffunction-sections -fdata-sections -Wall -fstack-usage -fcyclomatic-complexity -MMD -MP -MF"Src/002_ledbutton.d" -MT"Src/002_ledbutton.o" --specs=nano.specs -mfpu=fpv4-sp-d16 -mfloat-abi=hard -mthumb -o "Src/002_ledbutton.o"
arm-none-eabi-gcc -o "stm32f401re_drivers.elf" @"objects.list"   -mcpu=cortex-m4 -T"/home/deep/Desktop/Udemy_Microcontroller_MCU1/MCU1/stm32f401re_drivers/STM32F401RETX_FLASH.ld" --specs=nosys.specs -Wl,-Map="stm32f401re_drivers.map" -Wl,--gc-sections -static --specs=nano.specs -mfpu=fpv4-sp-d16 -mfloat-abi=hard -mthumb -Wl,--start-group -lc -lm -Wl,--end-group
Finished building target: stm32f401re_drivers.elf
 
arm-none-eabi-size  stm32f401re_drivers.elf 
arm-none-eabi-objdump -h -S stm32f401re_drivers.elf  > "stm32f401re_drivers.list"
   text	   data	    bss	    dec	    hex	filename
   1636	      0	   1568	   3204	    c84	stm32f401re_drivers.elf
Finished building: default.size.stdout
 
Finished building: stm32f401re_drivers.list
 
23:31:11 **** Incremental Build of configuration Debug for project stm32f401re_drivers ****
make -j4 all 
arm-none-eabi-gcc "../Src/002_ledbutton.c" -mcpu=cortex-m4 -std=gnu11 -g3 -DDEBUG -DNUCLEO_F401RE -DSTM32 -DSTM32F401RETx -DSTM32F4 -c -I../Inc -I"/home/deep/Desktop/Udemy_Microcontroller_MCU1/MCU1/stm32f401re_drivers/drivers/inc" -O0 -ffunction-sections -fdata-sections -Wall -fstack-usage -fcyclomatic-complexity -MMD -MP -MF"Src/002_ledbutton.d" -MT"Src/002_ledbutton.o" --specs=nano.specs -mfpu=fpv4-sp-d16 -mfloat-abi=hard -mthumb -o "Src/002_ledbutton.o"
arm-none-eabi-gcc -o "stm32f401re_drivers.elf" @"objects.list"   -mcpu=cortex-m4 -T"/home/deep/Desktop/Udemy_Microcontroller_MCU1/MCU1/stm32f401re_drivers/STM32F401RETX_FLASH.ld" --specs=nosys.specs -Wl,-Map="stm32f401re_drivers.map" -Wl,--gc-sections -static --specs=nano.specs -mfpu=fpv4-sp-d16 -mfloat-abi=hard -mthumb -Wl,--start-group -lc -lm -Wl,--end-group
Finished building target: stm32f401re_drivers.elf
 
arm-none-eabi-size  stm32f401re_drivers.elf 
arm-none-eabi-objdump -h -S stm32f401re_drivers.elf  > "stm32f401re_drivers.list"
   text	   data	    bss	    dec	    hex	filename
   1588	      0	   1568	   3156	    c54	stm32f401re_drivers.elf
Finished building: default.size.stdout
 
Finished building: stm32f401re_drivers.list
 
23:31:48 **** Incremental Build of configuration Debug for project stm32f401re_drivers ****
make -j4 all 
arm-none-eabi-gcc "../Src/002_ledbutton.c" -mcpu=cortex-m4 -std=gnu11 -g3 -DDEBUG -DNUCLEO_F401RE -DSTM32 -DSTM32F401RETx -DSTM32F4 -c -I../Inc -I"/home/deep/Desktop/Udemy_Microcontroller_MCU1/MCU1/stm32f401re_drivers/drivers/inc" -O0 -ffunction-sections -fdata-sections -Wall -fstack-usage -fcyclomatic-complexity -MMD -MP -MF"Src/002_ledbutton.d" -MT"Src/002_ledbutton.o" --specs=nano.specs -mfpu=fpv4-sp-d16 -mfloat-abi=hard -mthumb -o "Src/002_ledbutton.o"
arm-none-eabi-gcc -o "stm32f401re_drivers.elf" @"objects.list"   -mcpu=cortex-m4 -T"/home/deep/Desktop/Udemy_Microcontroller_MCU1/MCU1/stm32f401re_drivers/STM32F401RETX_FLASH.ld" --specs=nosys.specs -Wl,-Map="stm32f401re_drivers.map" -Wl,--gc-sections -static --specs=nano.specs -mfpu=fpv4-sp-d16 -mfloat-abi=hard -mthumb -Wl,--start-group -lc -lm -Wl,--end-group
Finished building target: stm32f401re_drivers.elf
 
arm-none-eabi-size  stm32f401re_drivers.elf 
arm-none-eabi-objdump -h -S stm32f401re_drivers.elf  > "stm32f401re_drivers.list"
   text	   data	    bss	    dec	    hex	filename
   1636	      0	   1568	   3204	    c84	stm32f401re_drivers.elf
Finished building: default.size.stdout
 
Finished building: stm32f401re_drivers.list
 
