20:53:21 **** Incremental Build of configuration Debug for project stm32f401re_drivers ****
make -j4 all 
arm-none-eabi-gcc "../drivers/src/stm32f401re_gpio_driver.c" -mcpu=cortex-m4 -std=gnu11 -g3 -DDEBUG -DNUCLEO_F401RE -DSTM32 -DSTM32F401RETx -DSTM32F4 -c -I../Inc -I"/home/deep/Desktop/Udemy_Microcontroller_MCU1/MCU1/stm32f401re_drivers/drivers/inc" -O0 -ffunction-sections -fdata-sections -Wall -fstack-usage -fcyclomatic-complexity -MMD -MP -MF"drivers/src/stm32f401re_gpio_driver.d" -MT"drivers/src/stm32f401re_gpio_driver.o" --specs=nano.specs -mfpu=fpv4-sp-d16 -mfloat-abi=hard -mthumb -o "drivers/src/stm32f401re_gpio_driver.o"
arm-none-eabi-gcc -o "stm32f401re_drivers.elf" @"objects.list"   -mcpu=cortex-m4 -T"/home/deep/Desktop/Udemy_Microcontroller_MCU1/MCU1/stm32f401re_drivers/STM32F401RETX_FLASH.ld" --specs=nosys.specs -Wl,-Map="stm32f401re_drivers.map" -Wl,--gc-sections -static --specs=nano.specs -mfpu=fpv4-sp-d16 -mfloat-abi=hard -mthumb -Wl,--start-group -lc -lm -Wl,--end-group
Finished building target: stm32f401re_drivers.elf
 
arm-none-eabi-size  stm32f401re_drivers.elf 
arm-none-eabi-objdump -h -S stm32f401re_drivers.elf  > "stm32f401re_drivers.list"
   text	   data	    bss	    dec	    hex	filename
    664	      0	   1568	   2232	    8b8	stm32f401re_drivers.elf
Finished building: default.size.stdout
 
Finished building: stm32f401re_drivers.list
 

20:53:23 Build Finished. 0 errors, 0 warnings. (took 1s.939ms)

